###############################################################################
#
# IAR ELF Linker V3.11.1.207 for STM8                     03/Nov/2020  15:11:56
# Copyright 2010-2019 IAR Systems AB.
#
#    Output file  =  
#        D:\myfile_yan\labelPrinter-10.23\paperPrinter_project_v1.0\Debug\Exe\paperPrinter_project_v1.0.out
#    Map file     =  
#        D:\myfile_yan\labelPrinter-10.23\paperPrinter_project_v1.0\Debug\List\paperPrinter_project_v1.0.map
#    Command line =  
#        -f C:\Users\yansiyan\AppData\Local\Temp\EWEC1E.tmp
#        (D:\myfile_yan\labelPrinter-10.23\paperPrinter_project_v1.0\Debug\Obj\delay.o
#        D:\myfile_yan\labelPrinter-10.23\paperPrinter_project_v1.0\Debug\Obj\main.o
#        D:\myfile_yan\labelPrinter-10.23\paperPrinter_project_v1.0\Debug\Obj\stm8s_adc1.o
#        D:\myfile_yan\labelPrinter-10.23\paperPrinter_project_v1.0\Debug\Obj\stm8s_awu.o
#        D:\myfile_yan\labelPrinter-10.23\paperPrinter_project_v1.0\Debug\Obj\stm8s_clk.o
#        D:\myfile_yan\labelPrinter-10.23\paperPrinter_project_v1.0\Debug\Obj\stm8s_exti.o
#        D:\myfile_yan\labelPrinter-10.23\paperPrinter_project_v1.0\Debug\Obj\stm8s_flash.o
#        D:\myfile_yan\labelPrinter-10.23\paperPrinter_project_v1.0\Debug\Obj\stm8s_gpio.o
#        D:\myfile_yan\labelPrinter-10.23\paperPrinter_project_v1.0\Debug\Obj\stm8s_it.o
#        D:\myfile_yan\labelPrinter-10.23\paperPrinter_project_v1.0\Debug\Obj\stm8s_tim1.o
#        D:\myfile_yan\labelPrinter-10.23\paperPrinter_project_v1.0\Debug\Obj\stm8s_tim2.o
#        D:\myfile_yan\labelPrinter-10.23\paperPrinter_project_v1.0\Debug\Obj\stm8s_tim4.o
#        D:\myfile_yan\labelPrinter-10.23\paperPrinter_project_v1.0\Debug\Obj\stm8s_uart1.o
#        --redirect _Printf=_PrintfFullNoMb --redirect _Scanf=_ScanfFullNoMb
#        --no_out_extension -o
#        D:\myfile_yan\labelPrinter-10.23\paperPrinter_project_v1.0\Debug\Exe\paperPrinter_project_v1.0.out
#        --map
#        D:\myfile_yan\labelPrinter-10.23\paperPrinter_project_v1.0\Debug\List\paperPrinter_project_v1.0.map
#        --config D:\IAR\stm8\config\lnkstm8s003f3.icf --config_def
#        _CSTACK_SIZE=0x100 --config_def _HEAP_SIZE=0x100 --entry
#        __iar_program_start --debug_lib)
#
###############################################################################

*******************************************************************************
*** RUNTIME MODEL ATTRIBUTES
***

__SystemLibrary            = DLib
__code_model               = small
__core                     = stm8
__data_model               = medium
__dlib_file_descriptor     = 0
__dlib_full_locale_support = 0
__rt_version               = 4


*******************************************************************************
*** PLACEMENT SUMMARY
***

"A0":  place at start of [0x000000-0x0000ff] { rw section .vregs };
"A1":  place at end of [0x000000-0x0003ff] { block CSTACK };
"P2":  place in [from 0x000000 to 0x0003ff] {
          block HEAP, rw section __DLIB_PERTHREAD, rw section .far.bss,
          rw section .far.data, rw section .far.noinit,
          rw section .far_func.textrw, rw section .huge.bss,
          rw section .huge.data, rw section .huge.noinit,
          rw section .huge_func.textrw, rw section .iar.dynexit,
          rw section .near.bss, rw section .near.data, rw section .near.noinit,
          rw section .near_func.textrw };
"A2":  place at start of [0x008000-0x009fff] { block INTVEC };
"P3":  place in [from 0x008000 to 0x009fff] {
          ro section __DLIB_PERTHREAD_init, ro section .far.data_init,
          ro section .far_func.textrw_init, ro section .huge.data_init,
          ro section .huge_func.textrw_init, ro section .iar.init_table,
          ro section .init_array, ro section .near.data_init,
          ro section .near.rodata, ro section .near_func.text,
          ro section .near_func.textrw_init, ro section .tiny.data_init,
          ro section .tiny.rodata_init };
"P4":  place in [from 0x008000 to 0x009fff] {
          ro section .far.rodata, ro section .far_func.text };
"P5":  place in [from 0x008000 to 0x009fff] {
          ro section .huge.rodata, ro section .huge_func.text };
do not initialize {
   rw section .eeprom.noinit, rw section .far.noinit, rw section .huge.noinit,
   rw section .near.noinit, rw section .tiny.noinit, rw section .vregs };
initialize by copy {
   rw section .far.bss, rw section .far.data, rw section .far_func.textrw,
   rw section .huge.bss, rw section .huge.data, rw section .huge_func.textrw,
   rw section .iar.dynexit, rw section .near.bss, rw section .near.data,
   rw section .near_func.textrw, rw section .tiny.bss, rw section .tiny.data,
   ro section .tiny.rodata };

No sections matched the following patterns:

  ro section .far.data_init          in "P3-P5"
  ro section .far.rodata             in "P3-P5"
  ro section .far_func.text          in "P3-P5"
  ro section .far_func.textrw_init   in "P3-P5"
  ro section .huge.data_init         in "P3-P5"
  ro section .huge.rodata            in "P3-P5"
  ro section .huge_func.text         in "P3-P5"
  ro section .huge_func.textrw_init  in "P3-P5"
  ro section .iar.init_table         in "P3-P5"
  ro section .init_array             in "P3-P5"
  ro section .near_func.textrw_init  in "P3-P5"
  ro section .tiny.data_init         in "P3-P5"
  ro section .tiny.rodata_init       in "P3-P5"
  ro section __DLIB_PERTHREAD_init   in "P3-P5"
  rw section .far.bss                in "P2"
  rw section .far.data               in "P2"
  rw section .far.noinit             in "P2"
  rw section .far_func.textrw        in "P2"
  rw section .huge.bss               in "P2"
  rw section .huge.data              in "P2"
  rw section .huge.noinit            in "P2"
  rw section .huge_func.textrw       in "P2"
  rw section .iar.dynexit            in "P2"
  rw section .near.noinit            in "P2"
  rw section .near_func.textrw       in "P2"
  rw section .tiny.bss               in "P1"
  rw section .tiny.data              in "P1"
  rw section .tiny.noinit            in "P1"
  rw section .tiny.rodata            in "P1"
  rw section __DLIB_PERTHREAD        in "P2"
  section .eeprom.data               in "P6-P8"
  section .eeprom.noinit             in "P6-P8"
  section .eeprom.rodata             in "P6-P8"


  Section            Kind      Address   Size  Object
  -------            ----      -------   ----  ------
"A0":                                     0xc
  .vregs             uninit   0x000000    0xc  vregs.o [4]
                            - 0x00000c    0xc

"P2":                                     0xd
  P2-1                        0x00000c    0xd  <Init block>
    .near.data       inited   0x00000c    0x2  main.o [1]
    .near.data       inited   0x00000e    0x4  main.o [1]
    .near.bss        inited   0x000012    0x1  main.o [1]
    .near.bss        inited   0x000013    0x1  main.o [1]
    .near.bss        inited   0x000014    0x1  main.o [1]
    .near.bss        inited   0x000015    0x2  main.o [1]
    .near.bss        inited   0x000017    0x2  main.o [1]
                            - 0x000019    0xd

"A1":                                   0x100
  CSTACK                      0x000300  0x100  <Block>
    CSTACK           uninit   0x000300  0x100  <Block tail>
                            - 0x000400  0x100

"A2":                                    0x80
  INTVEC                      0x008000   0x80  <Block>
    .intvec          const    0x008000   0x80  interrupt.o [4]
                            - 0x008080   0x80

"P3-P5":                                0xa0c
  .near_func.text    ro code  0x008080  0x13e  main.o [1]
  .near_func.text    ro code  0x0081be  0x110  stm8s_gpio.o [1]
  .near_func.text    ro code  0x0082ce   0xf6  long.o [4]
  .near_func.text    ro code  0x0083c4   0xde  stm8s_clk.o [1]
  .near_func.text    ro code  0x0084a2   0xd1  stm8s_exti.o [1]
  .near_func.text    ro code  0x008573   0x8b  stm8s_clk.o [1]
  .near_func.text    ro code  0x0085fe   0x84  vreg_util.o [4]
  .near_func.text    ro code  0x008682   0x74  main.o [1]
  .near.rodata       const    0x0086f6   0x63  stm8s_exti.o [1]
  .near.rodata       const    0x008759   0x63  stm8s_gpio.o [1]
  .near.rodata       const    0x0087bc   0x62  stm8s_clk.o [1]
  .near_func.text    ro code  0x00881e   0x4a  main.o [1]
  .near_func.text    ro code  0x008868   0x36  stm8s_clk.o [1]
  .near_func.text    ro code  0x00889e   0x2f  stm8s_clk.o [1]
  .near_func.text    ro code  0x0088cd   0x2f  stm8s_clk.o [1]
  .near_func.text    ro code  0x0088fc   0x2f  stm8s_clk.o [1]
  .near_func.text    ro code  0x00892b   0x2e  main.o [1]
  .near_func.text    ro code  0x008959   0x28  init_small.o [4]
  .iar.init_table    const    0x008981    0xa  - Linker created -
  .near_func.text    ro code  0x00898b   0x1d  delay.o [1]
  .near_func.text    ro code  0x0089a8   0x1a  delay.o [1]
  .near_func.text    ro code  0x0089c2   0x1a  long_util.o [4]
  .near_func.text    ro code  0x0089dc   0x16  stm8s_it.o [1]
  .near_func.text    ro code  0x0089f2   0x14  init.o [4]
  .near_func.text    ro code  0x008a06   0x14  __dbg_xxexit.o [3]
  .near_func.text    ro code  0x008a1a   0x13  cstartup.o [4]
  .near_func.text    ro code  0x008a2d   0x10  main.o [1]
  .near_func.text    ro code  0x008a3d    0xd  stm8s_awu.o [1]
  Initializer bytes  const    0x008a4a    0xd  <for P2-1>
  .near_func.text    ro code  0x008a57    0x8  short.o [4]
  .near_func.text    ro code  0x008a5f    0x6  char.o [4]
  .near_func.text    ro code  0x008a65    0x5  cexit.o [4]
  .near_func.text    ro code  0x008a6a    0x3  interrupt.o [4]
  .near_func.text    ro code  0x008a6d    0x3  low_level_init.o [4]
  .near_func.text    ro code  0x008a70    0x3  exit.o [4]
  .near_func.text    ro code  0x008a73    0x3  unhandled_exception.o [4]
  .near_func.text    ro code  0x008a76    0x2  main.o [1]
  .near_func.text    ro code  0x008a78    0x1  stm8s_it.o [1]
  .near_func.text    ro code  0x008a79    0x1  stm8s_it.o [1]
  .near_func.text    ro code  0x008a7a    0x1  stm8s_it.o [1]
  .near_func.text    ro code  0x008a7b    0x1  stm8s_it.o [1]
  .near_func.text    ro code  0x008a7c    0x1  stm8s_it.o [1]
  .near_func.text    ro code  0x008a7d    0x1  stm8s_it.o [1]
  .near_func.text    ro code  0x008a7e    0x1  stm8s_it.o [1]
  .near_func.text    ro code  0x008a7f    0x1  stm8s_it.o [1]
  .near_func.text    ro code  0x008a80    0x1  stm8s_it.o [1]
  .near_func.text    ro code  0x008a81    0x1  stm8s_it.o [1]
  .near_func.text    ro code  0x008a82    0x1  stm8s_it.o [1]
  .near_func.text    ro code  0x008a83    0x1  stm8s_it.o [1]
  .near_func.text    ro code  0x008a84    0x1  stm8s_it.o [1]
  .near_func.text    ro code  0x008a85    0x1  stm8s_it.o [1]
  .near_func.text    ro code  0x008a86    0x1  stm8s_it.o [1]
  .near_func.text    ro code  0x008a87    0x1  stm8s_it.o [1]
  .near_func.text    ro code  0x008a88    0x1  stm8s_it.o [1]
  .near_func.text    ro code  0x008a89    0x1  stm8s_it.o [1]
  .near_func.text    ro code  0x008a8a    0x1  stm8s_it.o [1]
  .near_func.text    ro code  0x008a8b    0x1  __dbg_break.o [3]
                            - 0x008a8c  0xa0c


*******************************************************************************
*** INIT TABLE
***

          Address   Size
          -------   ----
Copy (__iar_copy_init2)
    1 source range, total size 0xd:
          0x008a4a   0xd
    1 destination range, total size 0xd:
          0x00000c   0xd



*******************************************************************************
*** MODULE SUMMARY
***

    Module                 ro code  ro data  rw data
    ------                 -------  -------  -------
D:\myfile_yan\labelPrinter-10.23\paperPrinter_project_v1.0\Debug\Obj: [1]
    delay.o                     55
    main.o                     572       13       13
    stm8s_awu.o                 13
    stm8s_clk.o                556       98
    stm8s_exti.o               209       99
    stm8s_gpio.o               272       99
    stm8s_it.o                  41
    ------------------------------------------------
    Total:                   1 718      309       13

command line: [2]
    ------------------------------------------------
    Total:

dbgstm8smd.a: [3]
    __dbg_break.o                1
    __dbg_xxexit.o              20
    ------------------------------------------------
    Total:                      21

dlstm8smn.a: [4]
    cexit.o                      5
    char.o                       6
    cstartup.o                  19
    exit.o                       3
    init.o                      20
    init_small.o                40
    interrupt.o                  3      128
    long.o                     246
    long_util.o                 26
    low_level_init.o             3
    short.o                      8
    unhandled_exception.o        3
    vreg_util.o                132
    vregs.o                                       12
    ------------------------------------------------
    Total:                     514      128       12

    Linker created                       10      256
----------------------------------------------------
    Grand Total:             2 253      447      281


*******************************************************************************
*** ENTRY LIST
***

Entry                    Address   Size  Type      Object
-----                    -------   ----  ----      ------
.iar.init_table$$Base   0x008981          --   Gb  - Linker created -
.iar.init_table$$Limit  0x00898b          --   Gb  - Linker created -
?b0                     0x000000         Data  Gb  vregs.o [4]
?b1                     0x000001         Data  Gb  vregs.o [4]
?b10                    0x00000a         Data  Gb  vregs.o [4]
?b11                    0x00000b         Data  Gb  vregs.o [4]
?b2                     0x000002         Data  Gb  vregs.o [4]
?b3                     0x000003         Data  Gb  vregs.o [4]
?b4                     0x000004         Data  Gb  vregs.o [4]
?b5                     0x000005         Data  Gb  vregs.o [4]
?b6                     0x000006         Data  Gb  vregs.o [4]
?b7                     0x000007         Data  Gb  vregs.o [4]
?b8                     0x000008         Data  Gb  vregs.o [4]
?b9                     0x000009         Data  Gb  vregs.o [4]
?e0                     0x000001         Data  Gb  vregs.o [4]
?e1                     0x000005         Data  Gb  vregs.o [4]
?e2                     0x000009         Data  Gb  vregs.o [4]
?epilogue_l2            0x00867a         Code  Gb  vreg_util.o [4]
?epilogue_w4            0x00867e         Code  Gb  vreg_util.o [4]
?l0                     0x000000         Data  Gb  vregs.o [4]
?l1                     0x000004         Data  Gb  vregs.o [4]
?l2                     0x000008         Data  Gb  vregs.o [4]
?load32_0x_l0           0x0089ce         Code  Gb  long_util.o [4]
?load32_l0_0x           0x0089c2         Code  Gb  long_util.o [4]
?mul32_l0_l0_l1         0x0082ce         Code  Gb  long.o [4]
?pop_l0                 0x008651         Code  Gb  vreg_util.o [4]
?pop_l1                 0x00865c         Code  Gb  vreg_util.o [4]
?pop_l2                 0x008667         Code  Gb  vreg_util.o [4]
?pop_w4                 0x008616         Code  Gb  vreg_util.o [4]
?push_l0                0x008625         Code  Gb  vreg_util.o [4]
?push_l1                0x00862a         Code  Gb  vreg_util.o [4]
?push_l2                0x00862f         Code  Gb  vreg_util.o [4]
?push_w4                0x0085fe         Code  Gb  vreg_util.o [4]
?sll16_x_x_a            0x008a57         Code  Gb  short.o [4]
?sll8_a_a_5             0x008a60         Code  Gb  char.o [4]
?sll8_a_a_6             0x008a5f         Code  Gb  char.o [4]
?ucmp32_c_l0_l1         0x0083b9         Code  Gb  long.o [4]
?udiv32_l0_l0_l1        0x00834c         Code  Gb  long.o [4]
?umod32_l1_l0_l1        0x00834c         Code  Gb  long.o [4]
?w0                     0x000000         Data  Gb  vregs.o [4]
?w1                     0x000002         Data  Gb  vregs.o [4]
?w2                     0x000004         Data  Gb  vregs.o [4]
?w3                     0x000006         Data  Gb  vregs.o [4]
?w4                     0x000008         Data  Gb  vregs.o [4]
?w5                     0x00000a         Data  Gb  vregs.o [4]
ADC1_IRQHandler         0x008a88    0x1  Code  Gb  stm8s_it.o [1]
AWU_Cmd                 0x008a3d    0xd  Code  Gb  stm8s_awu.o [1]
AWU_IRQHandler          0x008a7a    0x1  Code  Gb  stm8s_it.o [1]
CLK_DeInit              0x008868   0x36  Code  Gb  stm8s_clk.o [1]
CLK_FastHaltWakeUpCmd   0x00889e   0x2f  Code  Gb  stm8s_clk.o [1]
CLK_HSICmd              0x0088cd   0x2f  Code  Gb  stm8s_clk.o [1]
CLK_IRQHandler          0x008a7b    0x1  Code  Gb  stm8s_it.o [1]
CLK_PeripheralClockConfig
                        0x0083c4   0xde  Code  Gb  stm8s_clk.o [1]
CLK_SYSCLKConfig        0x008573   0x8b  Code  Gb  stm8s_clk.o [1]
CLK_SlowActiveHaltWakeUpCmd
                        0x0088fc   0x2f  Code  Gb  stm8s_clk.o [1]
CSTACK$$Base            0x000300          --   Gb  - Linker created -
CSTACK$$Limit           0x000400          --   Gb  - Linker created -
EEPROM_EEC_IRQHandler   0x008a8a    0x1  Code  Gb  stm8s_it.o [1]
EXTI_PORTA_IRQHandler   0x008a7c    0x1  Code  Gb  stm8s_it.o [1]
EXTI_PORTB_IRQHandler   0x008a7d    0x1  Code  Gb  stm8s_it.o [1]
EXTI_PORTC_IRQHandler   0x008a7e    0x1  Code  Gb  stm8s_it.o [1]
EXTI_PORTD_IRQHandler   0x0089dc   0x16  Code  Gb  stm8s_it.o [1]
EXTI_PORTE_IRQHandler   0x008a7f    0x1  Code  Gb  stm8s_it.o [1]
EXTI_SetExtIntSensitivity
                        0x0084a2   0xd1  Code  Gb  stm8s_exti.o [1]
GPIO_Init               0x0081be  0x110  Code  Gb  stm8s_gpio.o [1]
I2C_IRQHandler          0x008a87    0x1  Code  Gb  stm8s_it.o [1]
INTVEC$$Base            0x008000          --   Gb  - Linker created -
INTVEC$$Limit           0x008080          --   Gb  - Linker created -
Region$$Table$$Base     0x008981          --   Gb  - Linker created -
Region$$Table$$Limit    0x00898b          --   Gb  - Linker created -
SPI_IRQHandler          0x008a80    0x1  Code  Gb  stm8s_it.o [1]
TIM1_CAP_COM_IRQHandler
                        0x008a82    0x1  Code  Gb  stm8s_it.o [1]
TIM1_UPD_OVF_TRG_BRK_IRQHandler
                        0x008a81    0x1  Code  Gb  stm8s_it.o [1]
TIM2_CAP_COM_IRQHandler
                        0x008a84    0x1  Code  Gb  stm8s_it.o [1]
TIM2_UPD_OVF_BRK_IRQHandler
                        0x008a83    0x1  Code  Gb  stm8s_it.o [1]
TIM4_UPD_OVF_IRQHandler
                        0x008a89    0x1  Code  Gb  stm8s_it.o [1]
TLI_IRQHandler          0x008a79    0x1  Code  Gb  stm8s_it.o [1]
TRAP_IRQHandler         0x008a78    0x1  Code  Gb  stm8s_it.o [1]
UART1_RX_IRQHandler     0x008a86    0x1  Code  Gb  stm8s_it.o [1]
UART1_TX_IRQHandler     0x008a85    0x1  Code  Gb  stm8s_it.o [1]
__DebugBreak            0x008a8b    0x1  Code  Gb  __dbg_break.o [3]
__exit                  0x008a06   0x14  Code  Gb  __dbg_xxexit.o [3]
__iar_copy_init2        0x008959         Code  Gb  init_small.o [4]
__iar_data_init2        0x0089f2   0x14  Code  Gb  init.o [4]
__iar_program_start     0x008a1a         Code  Gb  cstartup.o [4]
__iar_unhandled_exception
                        0x008a73         Code  Gb  unhandled_exception.o [4]
__intvec                0x008000         Data  Gb  interrupt.o [4]
__low_level_init        0x008a6d    0x3  Code  Gb  low_level_init.o [4]
_exit                   0x008a65         Code  Gb  cexit.o [4]
_interrupt_1            0x008a78         Code  Gb  stm8s_it.o [1]
_interrupt_12           0x008a80         Code  Gb  stm8s_it.o [1]
_interrupt_13           0x008a81         Code  Gb  stm8s_it.o [1]
_interrupt_14           0x008a82         Code  Gb  stm8s_it.o [1]
_interrupt_15           0x008a83         Code  Gb  stm8s_it.o [1]
_interrupt_16           0x008a84         Code  Gb  stm8s_it.o [1]
_interrupt_19           0x008a85         Code  Gb  stm8s_it.o [1]
_interrupt_2            0x008a79         Code  Gb  stm8s_it.o [1]
_interrupt_20           0x008a86         Code  Gb  stm8s_it.o [1]
_interrupt_21           0x008a87         Code  Gb  stm8s_it.o [1]
_interrupt_24           0x008a88         Code  Gb  stm8s_it.o [1]
_interrupt_25           0x008a89         Code  Gb  stm8s_it.o [1]
_interrupt_26           0x008a8a         Code  Gb  stm8s_it.o [1]
_interrupt_3            0x008a7a         Code  Gb  stm8s_it.o [1]
_interrupt_4            0x008a7b         Code  Gb  stm8s_it.o [1]
_interrupt_5            0x008a7c         Code  Gb  stm8s_it.o [1]
_interrupt_6            0x008a7d         Code  Gb  stm8s_it.o [1]
_interrupt_7            0x008a7e         Code  Gb  stm8s_it.o [1]
_interrupt_8            0x0089dc         Code  Gb  stm8s_it.o [1]
_interrupt_9            0x008a7f         Code  Gb  stm8s_it.o [1]
assert_failed           0x008a76    0x2  Code  Gb  main.o [1]
bsp_button_it           0x008a2d   0x10  Code  Gb  main.o [1]
bsp_io_init             0x008682   0x74  Code  Gb  main.o [1]
bsp_sys_clk_init        0x00881e   0x4a  Code  Gb  main.o [1]
delay_ms_1              0x0089a8   0x1a  Code  Gb  delay.o [1]
delay_us_1              0x00898b   0x1d  Code  Gb  delay.o [1]
exit                    0x008a70    0x3  Code  Gb  exit.o [4]
ls_nxt_cnt              0x000017    0x2  Data  Lc  main.o [1]
ls_outtime_cnt          0x00000c    0x2  Data  Gb  main.o [1]
ls_outtime_flag         0x000014    0x1  Data  Gb  main.o [1]
ls_sta_flag             0x000013    0x1  Data  Gb  main.o [1]
ls_time_cnt             0x000015    0x2  Data  Lc  main.o [1]
main                    0x00892b   0x2e  Code  Gb  main.o [1]
motor_run_time          0x00000e    0x4  Data  Lc  main.o [1]
sys_sta_flag            0x000012    0x1  Data  Lc  main.o [1]
user_app_run            0x008080  0x13e  Code  Gb  main.o [1]


[1] = D:\myfile_yan\labelPrinter-10.23\paperPrinter_project_v1.0\Debug\Obj
[2] = command line
[3] = dbgstm8smd.a
[4] = dlstm8smn.a

  2 253 bytes of readonly  code memory
    447 bytes of readonly  data memory
    281 bytes of readwrite data memory

Errors: none
Warnings: none
